[
"error: RemoteTestDriver 'remoteTestDriver/tauto': name must be of the form 'remoteTestDrivers/{remoteTestDriver}'"
]