error: RemoteTestDriver 'tauto': name must be of the form 'remoteTestDrivers/{remoteTestDriver}'